{
  "counts": {
    "full": {
      "rows": 6,
      "relative_effective": 3,
      "absolute_all_frames": 0,
      "actual_STD_ratio_le1": 3,
      "relative_AND_absolute_AND_strictSTD": 0
    },
    "mature": {
      "rows": 6,
      "relative_effective": 6,
      "absolute_all_frames": 5,
      "actual_STD_ratio_le1": 6,
      "relative_AND_absolute_AND_strictSTD": 5
    },
    "startup_first8": {
      "rows": 6,
      "relative_effective": 0,
      "absolute_all_frames": 0,
      "actual_STD_ratio_le1": 6,
      "relative_AND_absolute_AND_strictSTD": 0
    },
    "activation8to16": {
      "rows": 6,
      "relative_effective": 5,
      "absolute_all_frames": 6,
      "actual_STD_ratio_le1": 6,
      "relative_AND_absolute_AND_strictSTD": 5
    },
    "transition24to40": {
      "rows": 6,
      "relative_effective": 5,
      "absolute_all_frames": 4,
      "actual_STD_ratio_le1": 5,
      "relative_AND_absolute_AND_strictSTD": 4
    }
  },
  "compact_SHA": "152b78aa961d0a4bb287a1b2565333c1aa071bd1aa6ea65da7890b3244fc9f48",
  "manifest_SHA": "e58a92529f5fe4bd09cd53ea3561c7231682b4b53aedde2f35332756395f88ab"
}
