{
  "sentinel_matches": 5242880,
  "all_finite": true,
  "pair_summary": {
    "mode0_repeats": {
      "diffuse.bin": {
        "bytes_exact": true,
        "RGB_RMS": 0.0,
        "max_abs_RGB": 0.0
      },
      "specular.bin": {
        "bytes_exact": true,
        "RGB_RMS": 0.0,
        "max_abs_RGB": 0.0
      }
    },
    "mode1_repeats": {
      "diffuse.bin": {
        "bytes_exact": true,
        "RGB_RMS": 0.0,
        "max_abs_RGB": 0.0
      },
      "specular.bin": {
        "bytes_exact": true,
        "RGB_RMS": 0.0,
        "max_abs_RGB": 0.0
      }
    },
    "mode2_repeats": {
      "diffuse.bin": {
        "bytes_exact": true,
        "RGB_RMS": 0.0,
        "max_abs_RGB": 0.0
      },
      "specular.bin": {
        "bytes_exact": true,
        "RGB_RMS": 0.0,
        "max_abs_RGB": 0.0
      }
    },
    "mode3_repeats": {
      "diffuse.bin": {
        "bytes_exact": true,
        "RGB_RMS": 0.0,
        "max_abs_RGB": 0.0
      },
      "specular.bin": {
        "bytes_exact": true,
        "RGB_RMS": 0.0,
        "max_abs_RGB": 0.0
      }
    },
    "mode4_repeats": {
      "diffuse.bin": {
        "bytes_exact": true,
        "RGB_RMS": 0.0,
        "max_abs_RGB": 0.0
      },
      "specular.bin": {
        "bytes_exact": true,
        "RGB_RMS": 0.0,
        "max_abs_RGB": 0.0
      }
    },
    "mode5_repeats": {
      "diffuse.bin": {
        "bytes_exact": true,
        "RGB_RMS": 0.0,
        "max_abs_RGB": 0.0
      },
      "specular.bin": {
        "bytes_exact": true,
        "RGB_RMS": 0.0,
        "max_abs_RGB": 0.0
      }
    },
    "round0_mode1__round0_mode2": {
      "diffuse.bin": {
        "bytes_exact": true,
        "RGB_RMS": 0.0,
        "max_abs_RGB": 0.0
      },
      "specular.bin": {
        "bytes_exact": true,
        "RGB_RMS": 0.0,
        "max_abs_RGB": 0.0
      }
    },
    "round0_mode1__round0_mode3": {
      "diffuse.bin": {
        "bytes_exact": true,
        "RGB_RMS": 0.0,
        "max_abs_RGB": 0.0
      },
      "specular.bin": {
        "bytes_exact": true,
        "RGB_RMS": 0.0,
        "max_abs_RGB": 0.0
      }
    },
    "round0_mode1__round0_mode4": {
      "diffuse.bin": {
        "bytes_exact": false,
        "RGB_RMS": 0.0,
        "max_abs_RGB": 0.0
      },
      "specular.bin": {
        "bytes_exact": false,
        "RGB_RMS": 0.0,
        "max_abs_RGB": 0.0
      }
    },
    "round0_mode1__round0_mode5": {
      "diffuse.bin": {
        "bytes_exact": false,
        "RGB_RMS": 0.0,
        "max_abs_RGB": 0.0
      },
      "specular.bin": {
        "bytes_exact": false,
        "RGB_RMS": 0.0,
        "max_abs_RGB": 0.0
      }
    },
    "round1_mode1__round1_mode2": {
      "diffuse.bin": {
        "bytes_exact": true,
        "RGB_RMS": 0.0,
        "max_abs_RGB": 0.0
      },
      "specular.bin": {
        "bytes_exact": true,
        "RGB_RMS": 0.0,
        "max_abs_RGB": 0.0
      }
    },
    "round1_mode1__round1_mode3": {
      "diffuse.bin": {
        "bytes_exact": true,
        "RGB_RMS": 0.0,
        "max_abs_RGB": 0.0
      },
      "specular.bin": {
        "bytes_exact": true,
        "RGB_RMS": 0.0,
        "max_abs_RGB": 0.0
      }
    },
    "round1_mode1__round1_mode4": {
      "diffuse.bin": {
        "bytes_exact": false,
        "RGB_RMS": 0.0,
        "max_abs_RGB": 0.0
      },
      "specular.bin": {
        "bytes_exact": false,
        "RGB_RMS": 0.0,
        "max_abs_RGB": 0.0
      }
    },
    "round1_mode1__round1_mode5": {
      "diffuse.bin": {
        "bytes_exact": false,
        "RGB_RMS": 0.0,
        "max_abs_RGB": 0.0
      },
      "specular.bin": {
        "bytes_exact": false,
        "RGB_RMS": 0.0,
        "max_abs_RGB": 0.0
      }
    }
  },
  "summary_sha256": "cb9e85c220e9ce09f2597f481a0b6980bf1fdd77dace67f6098fcf885c5212af"
}
