{
  "schema": "root-v2-post-DC-fallback-contract-v1",
  "status": "passed",
  "quality_accepted": false,
  "model_sha256": "afb2fd6ce80e46a79fb97509c5eb2bb53860182b3268f6ede26046628043c874",
  "script_sha256": "3be17a1fe90d9c7f25a1a5f14af347f4ebb1779cf79705e66f34503a034d659e",
  "cases": [
    {
      "case": "P",
      "value": "nan",
      "reported_reason": "invalid_or_inactive_exact_baseline",
      "final_whole_RGB_frame_exact_B": true,
      "next_history_frames": [
        2
      ]
    },
    {
      "case": "TP",
      "value": "inf",
      "reported_reason": "invalid_or_inactive_exact_baseline",
      "final_whole_RGB_frame_exact_B": true,
      "next_history_frames": [
        2
      ]
    },
    {
      "case": "P",
      "value": "-0.01",
      "reported_reason": "invalid_or_inactive_exact_baseline",
      "final_whole_RGB_frame_exact_B": true,
      "next_history_frames": [
        2
      ]
    },
    {
      "case": "TP",
      "value": "65505.0",
      "reported_reason": "invalid_or_inactive_exact_baseline",
      "final_whole_RGB_frame_exact_B": true,
      "next_history_frames": [
        2
      ]
    },
    {
      "case": "phase",
      "value": "nan",
      "reported_reason": "invalid_phase_exact_baseline",
      "final_whole_RGB_frame_exact_B": true,
      "next_history_frames": [
        2
      ]
    },
    {
      "case": "inactive",
      "value": "0.0",
      "reported_reason": "invalid_or_inactive_exact_baseline",
      "final_whole_RGB_frame_exact_B": true,
      "next_history_frames": [
        2
      ]
    }
  ],
  "valid_control_DC_changes_B": true,
  "first_valid_output_RGB": [
    0.30000001192092896,
    0.30000001192092896,
    0.30000001192092896
  ],
  "new_native_contexts": 0,
  "new_native_RR_calls": 0
}
