fake_diffuse matureSTD significant/harmonic 0.000119581636661154 0.000119581636661154 gain None None phase None time 2.204299799999717
fake_specular matureSTD significant/harmonic 0.000119581636661154 0.000119581636661154 gain None None phase None time 2.1661592000018572
material matureSTD significant/harmonic 0.00037184590932519423 0.00011292803923227208 gain 0.9921795253850707 1.0031689888234432 phase 0.00878526951872664 time 3.9319477999997616
wave matureSTD significant/harmonic 0.00025364332744585007 0.00011248511818039046 gain 0.9924769074101876 1.0036759071430386 phase 0.009995402119343216 time 3.6649489999981597
moving_light matureSTD significant/harmonic 0.0017426970592813054 0.00012109480071524593 gain 0.9944871466743576 1.0113252110650481 phase 0.015368673502805196 time 3.9706602999976894
checker_material matureSTD significant/harmonic 0.00011881435057148337 0.00011818735947599635 gain 0.9984896183013916 1.0014115571975708 phase 2.1148253751541116e-17 time 4.000356100001227
weak_material matureSTD significant/harmonic 0.00011117981921415776 0.00011498732055770233 gain 0.9095243811607361 1.0812492370605469 phase 1.1670366180529934e-17 time 3.197352099999989
flat_lighting_step matureSTD significant/harmonic 0.00012858720776713357 0.00012858720776713357 gain None None phase None time 1.827896900002088
persistent_shared_bias matureSTD significant/harmonic 0.00021170688948785849 0.00011292469731254875 gain None None phase None time 3.647474699999293
guide_noise matureSTD significant/harmonic 0.000119581636661154 0.000119581636661154 gain None None phase None time 1.746953100002429
lighting_step matureSTD significant/harmonic 0.001413855320188568 0.0002892806361910367 gain 0.9921795253850707 1.004259447361721 phase 0.00878526951872664 time 3.693615799998952
disocclusion matureSTD significant/harmonic 0.001094307768725439 0.0009994048427323298 gain 0.9921795253850707 1.0031689888234432 phase 0.00878526951872664 time 3.241526800000429
reset matureSTD significant/harmonic 0.0006588777659112702 0.00011597179726788442 gain 0.9921795253850707 1.006748786259721 phase 0.00878526951872664 time 3.1066988999991736
adversary offgrid_stationary_one_wave STD 0.00013227309682406485 atoms 56
adversary two_offgrid_waves STD 0.00014804488455411047 atoms 56
adversary dense_more_than_two_components STD 0.0002458774542901665 atoms 56
adversary close_frequency_illconditioning STD 0.00013210980978328735 atoms 56
adversary weak_Nyquist_startup STD 0.00017297890735790133 atoms 56
adversary late_weak_appearance STD 0.0002495386579539627 atoms 0
adversary slow_moving_phase STD 0.0001401529589202255 atoms 56
adversary phase_acceleration STD 0.0002496089437045157 atoms 56
adversary frequency_drift STD 0.0006918216240592301 atoms 56
adversary multiplicative_illumination_step STD 0.00025620529777370393 atoms 56
adversary additive_DC_illumination_step STD 0.00014349563571158797 atoms 56
adversary disocclusion STD 0.0007400126196444035 atoms 56
adversary reset_jitter_exposure_metadata STD 0.007950745522975922 atoms 32
adversary colored_RGB_noise STD 0.003850991604849696 atoms 56
adversary current_RGB_correlated_noise STD 0.00013238942483440042 atoms 56
adversary temporal_AR_noise STD 0.0012149288086220622 atoms 56
adversary persistent_shared_bias STD 0.00013220764230936766 atoms 56
adversary Nyquist_real_checker STD 0.0001761597377480939 atoms 56
adversary signed_source_fallback STD 0.00013514218153432012 atoms 47
adversary nearzero_channel_fallback STD 0.00013514218153432012 atoms 47
adversary overflow_source_fallback STD 0.00013514218153432012 atoms 47
adversary residual_carrier_or_Gibbs_fallback STD 0.0 atoms 7
result SHA c50fb76b9c75592e57a53a5e0af30d2e6e9c4c941d11685ee5bd78cf4212d00d
