{
  "result_sha256": "21ff6202d7a797b95880037f9731d6aed11901874a33f4a0aa0cfef9ac6f2c64",
  "weak_mature": {
    "component_names": [
      "baseline_nonDC_error",
      "correction_atom",
      "correction_orthogonal"
    ],
    "covariance_matrix": [
      [
        4.880722992309261e-09,
        -8.712118438456704e-12,
        -2.5804765583827587e-11
      ],
      [
        -8.712118438456704e-12,
        1.5714627567950353e-09,
        5.507961364531365e-24
      ],
      [
        -2.5804765583827587e-11,
        5.507961364531365e-24,
        2.920906987854476e-10
      ]
    ],
    "actual_total_nonDC_error_temporal_variance": 6.675242679845187e-09,
    "identity_error": 0.0
  }
}
