{
  "rows": 6,
  "results_sha256": "7f353960634a27192c0a9ddf23794a8f763feabbf9198def331e8fa0c1db0d52",
  "mature": {
    "material": [
      [
        9.594803024528631e-09,
        -9.893287088192235e-27,
        -6.5519347328642815e-25
      ],
      [
        -9.893287088192235e-27,
        1.1137510131250389e-10,
        -6.827014847283966e-25
      ],
      [
        -6.5519347328642815e-25,
        -6.827014847283966e-25,
        1.6770475783947093e-09
      ]
    ],
    "wave": [
      [
        9.516629987020522e-09,
        3.956480310849379e-26,
        3.057463835575846e-24
      ],
      [
        3.956480310849379e-26,
        1.8918869672455826e-09,
        -1.0034496966572076e-23
      ],
      [
        3.057463835575846e-24,
        -1.0034496966572076e-23,
        4.8728869393041605e-09
      ]
    ],
    "moving_light": [
      [
        9.39600945632443e-09,
        -2.779433677304895e-24,
        6.418494276904607e-24
      ],
      [
        -2.779433677304895e-24,
        0.0002303223244723008,
        -7.715383158053153e-21
      ],
      [
        6.418494276904607e-24,
        -7.715383158053153e-21,
        1.9990308451354078e-07
      ]
    ],
    "weak_material": [
      [
        1.05931020858261e-08,
        1.1175155392390109e-27,
        -9.965556903615047e-25
      ],
      [
        1.1175155392390109e-27,
        1.5714627567950225e-09,
        5.49886504827145e-24
      ],
      [
        -9.965556903615047e-25,
        5.49886504827145e-24,
        2.920906987854486e-10
      ]
    ],
    "lighting_step": [
      [
        1.0528736012664772e-05,
        5.516299932611096e-23,
        -2.6374924217167803e-22
      ],
      [
        5.516299932611096e-23,
        8.108976584549432e-07,
        1.2943807680531155e-23
      ],
      [
        -2.6374924217167803e-22,
        1.2943807680531155e-23,
        9.687831241898935e-07
      ]
    ],
    "reset": [
      [
        1.9912509375981196e-08,
        7.255616161700409e-26,
        -2.5754091452659882e-24
      ],
      [
        7.255616161700409e-26,
        8.766829416093959e-09,
        -9.435039293488316e-25
      ],
      [
        -2.5754091452659882e-24,
        -9.435039293488316e-25,
        7.547201990787507e-09
      ]
    ]
  }
}
