source fake_diffuse 0.1949002680812053
source fake_specular 0.1949002680812053
source material 0.40878289678477364
source wave 0.3894380653553619
source moving_light 0.5496636114664265
source checker_material 0.46033935814634575
source weak_material 0.3492726119145111
source flat_lighting_step 0.0
source persistent_shared_bias 0.4037154130967444
source guide_noise 0.1949002680812053
source lighting_step 0.9482314048298406
source disocclusion 0.9952610937820244
source reset 0.46885227955389563
adversary offgrid_stationary_one_wave 0.3428761643074861
adversary two_offgrid_waves 0.5409267958819164
adversary dense_more_than_two_components 0.8591466788821637
adversary close_frequency_illconditioning 0.341005199417482
adversary weak_Nyquist_startup 0.6752281059508607
adversary late_weak_appearance 0.8749578817933067
adversary slow_moving_phase 0.47377772203324225
adversary phase_acceleration 0.8757347695994332
adversary frequency_drift 0.9842855165642231
adversary multiplicative_illumination_step 0.9083401083726081
adversary additive_DC_illumination_step 0.6796320738022573
adversary disocclusion 0.9863178147014312
adversary reset_jitter_exposure_metadata 0.9999657961393681
adversary colored_RGB_noise 0.9992300429211016
adversary current_RGB_correlated_noise 0.5437576639980162
adversary temporal_AR_noise 0.9981652253477549
adversary persistent_shared_bias 0.3417147483170505
adversary Nyquist_real_checker 0.6200345211990644
adversary signed_source_fallback 0.4851771312278586
adversary nearzero_channel_fallback 0.4851771312278586
adversary overflow_source_fallback 0.4851771312278586
adversary residual_carrier_or_Gibbs_fallback None
native_saved material 0.7213469118763287
native_saved wave 0.9602478650438598
native_saved moving_light 0.02806753551110021
native_saved weak_material 1.110537813882432
native_saved lighting_step 0.18410944350999492
native_saved reset 0.4830955555793468
results SHA edcb52f9765d1867878f9c2bc58c2086f488c512cfafe9de565303d8d39f87af
